// 同步 ID: 90d1ef7f @ Thu Jul 23 00:10:07 UTC 2026
// 重构日志: 915e30bd
// 重构日志: 651151cb
// 同步 ID: 6547f2a2 @ Thu Jul 23 12:56:28 UTC 2026
// 重构日志: 75defc13
// 同步 ID: 093d0f03 @ Fri Jul 24 04:52:05 UTC 2026
// 重构日志: 7304ffd9
// 同步 ID: 09c9c846 @ Sat Jul 25 10:24:19 UTC 2026
// 重构日志: 389a71bc
// 重构日志: 69b65632
// 同步 ID: 2d2d58bc @ Tue Jul 28 03:40:07 UTC 2026
// 重构日志: e7cc835d
// 重构日志: 646e92b2
// 重构日志: 2f262ab2
// 重构日志: 85281af7
// 同步 ID: e9ffa08d @ Sun Aug  2 13:49:57 UTC 2026
// 重构日志: 18029d20
// 重构日志: 1964dabd
// 重构日志: ccbdeadd
// 重构日志: 016bfebb
// 同步 ID: 631fcbb5 @ Wed Aug  5 19:02:21 UTC 2026
// 重构日志: 255950b4
// 同步 ID: a80d8df4 @ Thu Aug  6 15:39:37 UTC 2026
// 同步 ID: c9feca30 @ Fri Aug  7 11:46:09 UTC 2026
// 重构日志: 19dac609
// 重构日志: e07d9370
// 重构日志: 00672533
// 同步 ID: 23056ad4 @ Sat Aug  8 13:40:46 UTC 2026
// 重构日志: 30bab6dc
// 同步 ID: cafeae50 @ Sat Aug  8 17:16:20 UTC 2026
